// Jest Snapshot v1, https://goo.gl/fbAQLP

exports[`Test for snapshot 1`] = `
{
  "Outputs": {
    "mybucket": {
      "Value": {
        "Ref": "someBucket8B32029D",
      },
    },
  },
  "Parameters": {
    "BootstrapVersion": {
      "Default": "/cdk-bootstrap/hnb659fds/version",
      "Description": "Version of the CDK Bootstrap resources in this environment, automatically retrieved from SSM Parameter Store. [cdk:skip]",
      "Type": "AWS::SSM::Parameter::Value<String>",
    },
    "duration": {
      "Default": 6,
      "MaxValue": 10,
      "MinValue": 1,
      "Type": "Number",
    },
  },
  "Resources": {
    "FirstCdkQueueC67EAB3D": {
      "DeletionPolicy": "Delete",
      "Properties": {
        "VisibilityTimeout": 300,
      },
      "Type": "AWS::SQS::Queue",
      "UpdateReplacePolicy": "Delete",
    },
    "someBucket8B32029D": {
      "DeletionPolicy": "Retain",
      "Properties": {
        "LifecycleConfiguration": {
          "Rules": [
            {
              "ExpirationInDays": {
                "Ref": "duration",
              },
              "Status": "Enabled",
            },
          ],
        },
      },
      "Type": "AWS::S3::Bucket",
      "UpdateReplacePolicy": "Retain",
    },
  },
  "Rules": {
    "CheckBootstrapVersion": {
      "Assertions": [
        {
          "Assert": {
            "Fn::Not": [
              {
                "Fn::Contains": [
                  [
                    "1",
                    "2",
                    "3",
                    "4",
                    "5",
                  ],
                  {
                    "Ref": "BootstrapVersion",
                  },
                ],
              },
            ],
          },
          "AssertDescription": "CDK bootstrap stack version 6 required. Please run 'cdk bootstrap' with a recent version of the CDK CLI.",
        },
      ],
    },
  },
}
`;
